2026-06-04 22:49:31,156] 41 root - INFO - Exported collection nemadesoham21_db.phisingData as dataframe
2026-06-04 22:49:31,616] 52 root - INFO - Saved feature store file at artifact\06-04-2026-22-49-21\data_ingestion\feature_store\phishingData.csv
2026-06-04 22:49:32,122] 76 root - INFO - Saved train file at artifact\06-04-2026-22-49-21\data_ingestion\ingested\train.csv and test file at artifact\06-04-2026-22-49-21\data_ingestion\ingested\test.csv
2026-06-04 22:49:32,123] 19 root - INFO - Data ingestion artifact: DataIngestionArtifact(train_file_path='artifact\\06-04-2026-22-49-21\\data_ingestion\\ingested\\train.csv', test_file_path='artifact\\06-04-2026-22-49-21\\data_ingestion\\ingested\\test.csv')
2026-06-04 22:49:32,123] 20 root - INFO - Data Initiation completed successfully.
2026-06-04 22:49:32,146] 24 root - INFO - Starting data validation.
2026-06-04 22:49:32,181] 41 root - INFO - Required number of columns: 31
2026-06-04 22:49:32,181] 42 root - INFO - Dataframe has columns: 31
2026-06-04 22:49:32,181] 41 root - INFO - Required number of columns: 31
2026-06-04 22:49:32,181] 42 root - INFO - Dataframe has columns: 31
2026-06-04 22:49:34,020] 26 root - INFO - Data validation artifact: DataValidationArtifact(validation_status=True, valid_train_file_path='artifact\\06-04-2026-22-49-21\\data_validation\\validated\\train.csv', valid_test_file_path='artifact\\06-04-2026-22-49-21\\data_validation\\validated\\test.csv', invalid_train_file_path='artifact\\06-04-2026-22-49-21\\data_validation\\invalid\\train.csv', invalid_test_file_path='artifact\\06-04-2026-22-49-21\\data_validation\\invalid\\test.csv', drift_report_file_path='artifact\\06-04-2026-22-49-21\\data_validation\\drift_report\\report.yaml')
2026-06-04 22:49:34,021] 31 root - INFO - Starting data transformation.
2026-06-04 22:49:34,021] 56 root - INFO - Entered the initiate_data_transformation method of DataTransformation class
2026-06-04 22:49:34,021] 58 root - INFO - Starting data transformation
2026-06-04 22:49:34,063] 41 root - INFO - Entered the get_data_transformer_object method of DataTransformation class
2026-06-04 22:49:34,063] 44 root - INFO - Data transformer object: {'missing_values': nan, 'n_neighbors': 3, 'weights': 'uniform'}
2026-06-04 22:49:35,673] 47 root - INFO - Object saved successfully at artifact\06-04-2026-22-49-21\data_transformation\preprocessor\preprocessor.pkl
2026-06-04 22:49:35,675] 37 root - INFO - Model training started.
2026-06-04 22:49:46,838] 107 root - INFO - Best model: Random Forest (f1=0.9690)
2026-06-04 22:50:57,092] 58 root - INFO - Object loaded successfully from artifact\06-04-2026-22-49-21\data_transformation\preprocessor\preprocessor.pkl
2026-06-04 22:51:02,936] 47 root - INFO - Object saved successfully at artifact\06-04-2026-22-49-21\model_trainer\trained_model\model.pkl
2026-06-04 22:51:02,936] 149 root - INFO - Model Trainer Artifact: ModelTrainerArtifact(trained_model_file_path='artifact\\06-04-2026-22-49-21\\model_trainer\\trained_model\\model.pkl', train_metric_artifact=ClassificationArtifact(f1_train_score=0.9916220853941657, precision_train_score=0.9899234179766223, recall_train_score=0.9933265925176946), test_metric_artifact=ClassificationArtifact(f1_train_score=0.9689954526663911, precision_train_score=0.9710024855012428, recall_train_score=0.966996699669967))
2026-06-04 22:51:02,938] 42 root - INFO - Model Training Artifact created
