2026-06-05 00:54:44,722] 41 root - INFO - Exported collection nemadesoham21_db.phisingData as dataframe
2026-06-05 00:54:48,725] 52 root - INFO - Saved feature store file at artifact\06-05-2026-00-54-40\data_ingestion\feature_store\phishingData.csv
2026-06-05 00:55:30,664] 76 root - INFO - Saved train file at artifact\06-05-2026-00-54-40\data_ingestion\ingested\train.csv and test file at artifact\06-05-2026-00-54-40\data_ingestion\ingested\test.csv
2026-06-05 00:55:30,665] 22 root - INFO - Data ingestion artifact: DataIngestionArtifact(train_file_path='artifact\\06-05-2026-00-54-40\\data_ingestion\\ingested\\train.csv', test_file_path='artifact\\06-05-2026-00-54-40\\data_ingestion\\ingested\\test.csv')
2026-06-05 00:55:30,666] 23 root - INFO - Data Initiation completed successfully.
2026-06-05 00:55:30,671] 28 root - INFO - Starting data validation.
2026-06-05 00:55:30,700] 41 root - INFO - Required number of columns: 31
2026-06-05 00:55:30,700] 42 root - INFO - Dataframe has columns: 31
2026-06-05 00:55:30,700] 41 root - INFO - Required number of columns: 31
2026-06-05 00:55:30,700] 42 root - INFO - Dataframe has columns: 31
2026-06-05 00:56:02,532] 30 root - INFO - Data validation artifact: DataValidationArtifact(validation_status=True, valid_train_file_path='artifact\\06-05-2026-00-54-40\\data_validation\\validated\\train.csv', valid_test_file_path='artifact\\06-05-2026-00-54-40\\data_validation\\validated\\test.csv', invalid_train_file_path='artifact\\06-05-2026-00-54-40\\data_validation\\invalid\\train.csv', invalid_test_file_path='artifact\\06-05-2026-00-54-40\\data_validation\\invalid\\test.csv', drift_report_file_path='artifact\\06-05-2026-00-54-40\\data_validation\\drift_report\\report.yaml')
2026-06-05 00:56:02,533] 34 root - INFO - Starting data transformation.
2026-06-05 00:56:02,533] 56 root - INFO - Entered the initiate_data_transformation method of DataTransformation class
2026-06-05 00:56:02,533] 58 root - INFO - Starting data transformation
2026-06-05 00:56:02,558] 41 root - INFO - Entered the get_data_transformer_object method of DataTransformation class
2026-06-05 00:56:02,558] 44 root - INFO - Data transformer object: {'missing_values': nan, 'n_neighbors': 3, 'weights': 'uniform'}
2026-06-05 00:56:31,743] 47 root - INFO - Object saved successfully at artifact\06-05-2026-00-54-40\data_transformation\preprocessor\preprocessor.pkl
2026-06-05 00:56:31,745] 40 root - INFO - Model training started.
2026-06-05 00:56:42,354] 117 root - INFO - Best model: Random Forest (f1=0.9690)
2026-06-05 00:56:53,903] 58 root - INFO - Object loaded successfully from artifact\06-05-2026-00-54-40\data_transformation\preprocessor\preprocessor.pkl
2026-06-05 00:56:54,306] 47 root - INFO - Object saved successfully at artifact\06-05-2026-00-54-40\model_trainer\trained_model\model.pkl
2026-06-05 00:56:54,306] 159 root - INFO - Model Trainer Artifact: ModelTrainerArtifact(trained_model_file_path='artifact\\06-05-2026-00-54-40\\model_trainer\\trained_model\\model.pkl', train_metric_artifact=ClassificationArtifact(f1_score=0.9912183304734027, precision_score=0.9895203546956872, recall_score=0.9929221435793731), test_metric_artifact=ClassificationArtifact(f1_score=0.9689697972693422, precision_score=0.9717842323651452, recall_score=0.9661716171617162))
2026-06-05 00:56:54,307] 46 root - INFO - Model Training Artifact created
