2026-06-04 17:57:26,508] 41 root - INFO - Exported collection nemadesoham21_db.phisingData as dataframe
2026-06-04 17:57:34,294] 52 root - INFO - Saved feature store file at artifact\06-04-2026-17-57-19\data_ingestion\feature_store\phishingData.csv
2026-06-04 17:57:46,539] 76 root - INFO - Saved train file at artifact\06-04-2026-17-57-19\data_ingestion\ingested\train.csv and test file at artifact\06-04-2026-17-57-19\data_ingestion\ingested\test.csv
2026-06-04 17:57:46,539] 19 root - INFO - Data ingestion artifact: DataIngestionArtifact(train_file_path='artifact\\06-04-2026-17-57-19\\data_ingestion\\ingested\\train.csv', test_file_path='artifact\\06-04-2026-17-57-19\\data_ingestion\\ingested\\test.csv')
2026-06-04 17:57:46,539] 20 root - INFO - Data Initiation completed successfully.
2026-06-04 17:57:47,019] 24 root - INFO - Starting data validation.
2026-06-04 17:57:47,274] 41 root - INFO - Required number of columns: 31
2026-06-04 17:57:47,274] 42 root - INFO - Dataframe has columns: 31
2026-06-04 17:57:47,274] 41 root - INFO - Required number of columns: 31
2026-06-04 17:57:47,274] 42 root - INFO - Dataframe has columns: 31
2026-06-04 17:58:00,070] 26 root - INFO - Data validation artifact: DataValidationArtifact(validation_status=True, valid_train_file_path='artifact\\06-04-2026-17-57-19\\data_validation\\validated\\train.csv', valid_test_file_path='artifact\\06-04-2026-17-57-19\\data_validation\\validated\\test.csv', invalid_train_file_path='artifact\\06-04-2026-17-57-19\\data_validation\\invalid\\train.csv', invalid_test_file_path='artifact\\06-04-2026-17-57-19\\data_validation\\invalid\\test.csv', drift_report_file_path='artifact\\06-04-2026-17-57-19\\data_validation\\drift_report\\report.yaml')
2026-06-04 17:58:00,070] 31 root - INFO - Starting data transformation.
2026-06-04 17:58:00,070] 56 root - INFO - Entered the initiate_data_transformation method of DataTransformation class
2026-06-04 17:58:00,070] 58 root - INFO - Starting data transformation
2026-06-04 17:58:00,575] 41 root - INFO - Entered the get_data_transformer_object method of DataTransformation class
2026-06-04 17:58:00,575] 44 root - INFO - Data transformer object: {'missing_values': nan, 'n_neighbors': 3, 'weights': 'uniform'}
2026-06-04 17:58:09,320] 46 root - INFO - Object saved successfully at artifact\06-04-2026-17-57-19\data_transformation\preprocessor\preprocessor.pkl
2026-06-04 17:58:09,322] 37 root - INFO - Model training started.
2026-06-04 17:58:20,341] 57 root - INFO - Object loaded successfully from artifact\06-04-2026-17-57-19\data_transformation\preprocessor\preprocessor.pkl
2026-06-04 17:58:24,908] 46 root - INFO - Object saved successfully at artifact\06-04-2026-17-57-19\model_trainer\trained_model\model.pkl
2026-06-04 17:58:24,925] 124 root - INFO - Model Trainer Artifact: ModelTrainerArtifact(trained_model_file_path='artifact\\06-04-2026-17-57-19\\model_trainer\\trained_model\\model.pkl', train_metric_artifact=ClassificationArtifact(f1_train_score=0.9908722109533469, precision_train_score=0.9884662080129503, recall_train_score=0.9932899552663684), test_metric_artifact=ClassificationArtifact(f1_train_score=0.9776179056754596, precision_train_score=0.9683293745051464, recall_train_score=0.9870863599677159))
2026-06-04 17:58:24,926] 42 root - INFO - Model Training Artifact created
